8, 6
0.000000000000000e+00 1.000000000000000e+00 0.000000000000000e+00
1.000000000000000e+00 1.000000000000000e+00 0.000000000000000e+00
1.000000000000000e+00 0.000000000000000e+00 0.000000000000000e+00
0.000000000000000e+00 0.000000000000000e+00 0.000000000000000e+00
1.154700538379252e-01 8.845299461620748e-01 2.000000000000000e-01
1.154700538379252e-01 1.154700538379252e-01 2.000000000000000e-01
8.845299461620748e-01 1.154700538379252e-01 2.000000000000000e-01
8.845299461620748e-01 8.845299461620748e-01 2.000000000000000e-01
0 1 2 3 
4 5 6 7 
0 4 7 1 
1 7 6 2 
2 6 5 3 
3 5 4 0 
