Selective Nef Complex
standard
vertices   8
halfedges  24
facets     12
volumes    2
shalfedges 48
shalfloops 0
sfaces     16
0 { 0 2, 0 5, 0 1, -2 | 0 0 0 1 } 1
1 { 3 5, 6 11, 2 3, -2 | 0 1 0 1 } 1
2 { 6 8, 12 17, 4 5, -2 | 17 17 10 50 } 1
3 { 9 11, 18 23, 6 7, -2 | 17 33 10 50 } 1
4 { 12 14, 24 29, 8 9, -2 | 33 17 10 50 } 1
5 { 15 17, 30 35, 10 11, -2 | 33 33 10 50 } 1
6 { 18 20, 36 41, 12 13, -2 | 1 0 0 1 } 1
7 { 21 23, 42 47, 14 15, -2 | 1 1 0 1 } 1
0 { 3, 0, 0 0 | 0 1 0 1 } 1
1 { 6, 0, 0 1 | 17 17 10 1 } 1
2 { 18, 0, 0 3 | 1 0 0 1 } 1
3 { 0, 1, 0 6 | 0 -1 0 1 } 1
4 { 9, 1, 0 7 | 17 -17 10 1 } 1
5 { 21, 1, 0 9 | 1 0 0 1 } 1
6 { 1, 2, 0 12 | -17 -17 -10 1 } 1
7 { 10, 2, 0 13 | 0 1 0 1 } 1
8 { 12, 2, 0 15 | 1 0 0 1 } 1
9 { 4, 3, 0 18 | -17 17 -10 1 } 1
10 { 7, 3, 0 19 | 0 -1 0 1 } 1
11 { 15, 3, 0 21 | 1 0 0 1 } 1
12 { 8, 4, 0 24 | -1 0 0 1 } 1
13 { 16, 4, 0 25 | 0 1 0 1 } 1
14 { 19, 4, 0 27 | 17 -17 -10 1 } 1
15 { 11, 5, 0 30 | -1 0 0 1 } 1
16 { 13, 5, 0 31 | 0 -1 0 1 } 1
17 { 22, 5, 0 33 | 17 17 -10 1 } 1
18 { 2, 6, 0 36 | -1 0 0 1 } 1
19 { 14, 6, 0 37 | -17 17 10 1 } 1
20 { 23, 6, 0 39 | 0 1 0 1 } 1
21 { 5, 7, 0 42 | -1 0 0 1 } 1
22 { 17, 7, 0 43 | -17 -17 10 1 } 1
23 { 20, 7, 0 45 | 0 -1 0 1 } 1
0 { 11, 11 , , 0 | 0 10 17 -10 } 1
1 { 10, 28 , , 0 | 10 0 17 -10 } 1
2 { 9, 16 , , 0 | 0 0 5 -1 } 1
3 { 8, 0 , , 0 | -10 0 17 0 } 1
4 { 7, 4 , , 0 | 0 -10 17 0 } 1
5 { 6, 3 , , 0 | 0 0 -1 0 } 1
6 { 5, 2 , , 1 | 0 0 1 0 } 1
7 { 4, 5 , , 1 | 0 10 -17 0 } 1
8 { 3, 1 , , 1 | 10 0 -17 0 } 1
9 { 2, 17 , , 1 | 0 0 -5 1 } 1
10 { 1, 29 , , 1 | -10 0 -17 10 } 1
11 { 0, 10 , , 1 | 0 -10 -17 10 } 1
0 { 0 } 0
1 { 1 } 1
0 { 1, 3, 4, 0, 1, 7, 12, 3 | 10 0 -17 0 } 1
1 { 0, 5, 2, 1, 0, 13, 6, 8 | -10 0 17 0 } 1
2 { 3, 1, 5, 0, 0, 9, 38, 6 | 0 0 -1 0 } 1
3 { 2, 4, 0, 2, 1, 39, 8, 5 | 0 0 1 0 } 1
4 { 5, 0, 3, 1, 1, 15, 36, 4 | 0 10 -17 0 } 1
5 { 4, 2, 1, 2, 0, 37, 14, 7 | 0 -10 17 0 } 1
6 { 7, 9, 10, 3, 2, 1, 18, 8 | -10 0 17 0 } 1
7 { 6, 11, 8, 4, 3, 19, 0, 3 | 10 0 -17 0 } 1
8 { 9, 7, 11, 3, 3, 3, 44, 5 | 0 0 1 0 } 1
9 { 8, 10, 6, 5, 2, 45, 2, 6 | 0 0 -1 0 } 1
10 { 11, 6, 9, 4, 2, 21, 42, 11 | 0 10 17 0 } 1
11 { 10, 8, 7, 5, 3, 43, 20, 0 | 0 -10 -17 0 } 1
12 { 13, 15, 16, 6, 5, 0, 19, 3 | 10 0 -17 0 } 1
13 { 12, 17, 14, 7, 4, 18, 1, 8 | -10 0 17 0 } 1
14 { 15, 13, 17, 6, 4, 5, 26, 7 | 0 -10 17 0 } 1
15 { 14, 16, 12, 8, 5, 27, 4, 4 | 0 10 -17 0 } 1
16 { 17, 12, 15, 7, 5, 23, 24, 2 | 0 0 -1 0 } 1
17 { 16, 14, 13, 8, 4, 25, 22, 9 | 0 0 1 0 } 1
18 { 19, 21, 22, 9, 6, 6, 13, 8 | -10 0 17 0 } 1
19 { 18, 23, 20, 10, 7, 12, 7, 3 | 10 0 -17 0 } 1
20 { 21, 19, 23, 9, 7, 11, 32, 0 | 0 -10 -17 0 } 1
21 { 20, 22, 18, 11, 6, 33, 10, 11 | 0 10 17 0 } 1
22 { 23, 18, 21, 10, 6, 17, 30, 9 | 0 0 1 0 } 1
23 { 22, 20, 19, 11, 7, 31, 16, 2 | 0 0 -1 0 } 1
24 { 25, 27, 28, 12, 8, 16, 31, 2 | 0 0 -1 0 } 1
25 { 24, 29, 26, 13, 9, 30, 17, 9 | 0 0 1 0 } 1
26 { 27, 25, 29, 12, 9, 14, 37, 7 | 0 -10 17 0 } 1
27 { 26, 28, 24, 14, 8, 36, 15, 4 | 0 10 -17 0 } 1
28 { 29, 24, 27, 13, 8, 35, 40, 1 | -10 0 -17 0 } 1
29 { 28, 26, 25, 14, 9, 41, 34, 10 | 10 0 17 0 } 1
30 { 31, 33, 34, 15, 11, 22, 25, 9 | 0 0 1 0 } 1
31 { 30, 35, 32, 16, 10, 24, 23, 2 | 0 0 -1 0 } 1
32 { 33, 31, 35, 15, 10, 20, 43, 0 | 0 -10 -17 0 } 1
33 { 32, 34, 30, 17, 11, 42, 21, 11 | 0 10 17 0 } 1
34 { 35, 30, 33, 16, 11, 29, 46, 10 | 10 0 17 0 } 1
35 { 34, 32, 31, 17, 10, 47, 28, 1 | -10 0 -17 0 } 1
36 { 37, 39, 40, 18, 12, 4, 27, 4 | 0 10 -17 0 } 1
37 { 36, 41, 38, 19, 13, 26, 5, 7 | 0 -10 17 0 } 1
38 { 39, 37, 41, 18, 13, 2, 45, 6 | 0 0 -1 0 } 1
39 { 38, 40, 36, 20, 12, 44, 3, 5 | 0 0 1 0 } 1
40 { 41, 36, 39, 19, 12, 28, 47, 1 | -10 0 -17 0 } 1
41 { 40, 38, 37, 20, 13, 46, 29, 10 | 10 0 17 0 } 1
42 { 43, 45, 46, 21, 15, 10, 33, 11 | 0 10 17 0 } 1
43 { 42, 47, 44, 22, 14, 32, 11, 0 | 0 -10 -17 0 } 1
44 { 45, 43, 47, 21, 14, 8, 39, 5 | 0 0 1 0 } 1
45 { 44, 46, 42, 23, 15, 38, 9, 6 | 0 0 -1 0 } 1
46 { 47, 42, 45, 22, 15, 34, 41, 10 | 10 0 17 0 } 1
47 { 46, 44, 43, 23, 14, 40, 35, 1 | -10 0 -17 0 } 1
0 { 0, 2 , , , 0 } 0
1 { 0, 0 , , , 1 } 1
2 { 1, 6 , , , 0 } 0
3 { 1, 8 , , , 1 } 1
4 { 2, 14 , , , 0 } 0
5 { 2, 12 , , , 1 } 1
6 { 3, 18 , , , 0 } 0
7 { 3, 20 , , , 1 } 1
8 { 4, 24 , , , 1 } 1
9 { 4, 26 , , , 0 } 0
10 { 5, 32 , , , 1 } 1
11 { 5, 30 , , , 0 } 0
12 { 6, 36 , , , 1 } 1
13 { 6, 38 , , , 0 } 0
14 { 7, 44 , , , 1 } 1
15 { 7, 42 , , , 0 } 0
/* end Selective Nef complex */
