8, 6
2.000000000000000e+00 2.000000000000000e+00 1.343000000000000e+00
2.000000000000000e+00 4.000000000000000e+00 1.343000000000000e+00
4.000000000000000e+00 4.000000000000000e+00 1.343000000000000e+00
4.000000000000000e+00 2.000000000000000e+00 1.343000000000000e+00
2.000000000000000e+00 2.000000000000000e+00 2.000000000000000e+00
4.000000000000000e+00 2.000000000000000e+00 2.000000000000000e+00
4.000000000000000e+00 4.000000000000000e+00 2.000000000000000e+00
2.000000000000000e+00 4.000000000000000e+00 2.000000000000000e+00
0 1 2 3 
4 5 6 7 
0 4 7 1 
1 7 6 2 
3 2 6 5 
0 3 5 4 
