8, 6
2.000000000000000e+00 2.000000000000000e+00 2.000000000000000e+00
2.000000000000000e+00 2.000000000000000e+00 1.343000000000000e+00
4.000000000000000e+00 2.000000000000000e+00 1.343000000000000e+00
4.000000000000000e+00 2.000000000000000e+00 2.000000000000000e+00
2.000000000000000e+00 4.000000000000000e+00 1.343000000000000e+00
4.000000000000000e+00 4.000000000000000e+00 1.343000000000000e+00
2.000000000000000e+00 4.000000000000000e+00 2.000000000000000e+00
4.000000000000000e+00 4.000000000000000e+00 2.000000000000000e+00
0 1 2 3 
2 1 4 5 
4 1 0 6 
6 0 3 7 
3 2 5 7 
5 4 6 7 
